
 RUN  v3.2.7 /Users/zq/Desktop/ai-projs/posp/Nexora

·········x·

⎯⎯⎯⎯⎯⎯⎯ Failed Tests 1 ⎯⎯⎯⎯⎯⎯⎯

 FAIL  packages/orchestration/src/goal-loop.test.ts > C20 goal loop orchestration > Given a loop before the judge gate When judge failure is recorded Then the controller refuses to fail it
AssertionError: expected [Function] to throw an error

- Expected:
null

+ Received:
undefined

 ❯ packages/orchestration/src/goal-loop.test.ts:163:152
    161|     const preJudgeStatuses: readonly LoopStatus[] = ["running", "pause…
    162|     for (const status of preJudgeStatuses) {
    163|       expect(() => controller.recordJudgeFailure({ loop: loop({ turn_c…
       |                                                                                                                                                        ^
    164|     }
    165|   });

⎯⎯⎯⎯⎯⎯⎯⎯⎯⎯⎯⎯⎯⎯⎯⎯⎯⎯⎯⎯⎯⎯⎯⎯[1/1]⎯


 Test Files  1 failed (1)
      Tests  1 failed | 10 passed (11)
   Start at  19:08:22
   Duration  1.08s (transform 201ms, setup 0ms, collect 280ms, tests 30ms, environment 0ms, prepare 192ms)

EXIT: 1
