
## node version
v25.9.0

## pnpm typecheck
 WARN  Unsupported engine: wanted: {"node":">=22.13.0 <23.0.0"} (current: {"node":"v25.9.0","pnpm":"10.10.0"})

> nexora@0.1.0 typecheck /Users/zq/Desktop/ai-projs/posp/Nexora
> tsc --project tsconfig.base.json --noEmit


[exit 0] pnpm typecheck

## mission-control build
.                                        |  WARN  Unsupported engine: wanted: {"node":">=22.13.0 <23.0.0"} (current: {"node":"v25.9.0","pnpm":"10.10.0"})

> @nexora/mission-control@0.1.0 build /Users/zq/Desktop/ai-projs/posp/Nexora/apps/mission-control
> vite build

vite v6.4.3 building for production...
transforming...
../../node_modules/.pnpm/@tanstack+react-query@5.102.8_react@19.2.8/node_modules/@tanstack/react-query/build/modern/IsRestoringProvider.js (1:0): Module level directives cause errors when bundled, "use client" in "../../node_modules/.pnpm/@tanstack+react-query@5.102.8_react@19.2.8/node_modules/@tanstack/react-query/build/modern/IsRestoringProvider.js" was ignored.
../../node_modules/.pnpm/@tanstack+react-query@5.102.8_react@19.2.8/node_modules/@tanstack/react-query/build/modern/QueryErrorResetBoundary.js (1:0): Module level directives cause errors when bundled, "use client" in "../../node_modules/.pnpm/@tanstack+react-query@5.102.8_react@19.2.8/node_modules/@tanstack/react-query/build/modern/QueryErrorResetBoundary.js" was ignored.
../../node_modules/.pnpm/@tanstack+react-query@5.102.8_react@19.2.8/node_modules/@tanstack/react-query/build/modern/useQueries.js (1:0): Module level directives cause errors when bundled, "use client" in "../../node_modules/.pnpm/@tanstack+react-query@5.102.8_react@19.2.8/node_modules/@tanstack/react-query/build/modern/useQueries.js" was ignored.
../../node_modules/.pnpm/@tanstack+react-query@5.102.8_react@19.2.8/node_modules/@tanstack/react-query/build/modern/useQuery.js (1:0): Module level directives cause errors when bundled, "use client" in "../../node_modules/.pnpm/@tanstack+react-query@5.102.8_react@19.2.8/node_modules/@tanstack/react-query/build/modern/useQuery.js" was ignored.
../../node_modules/.pnpm/@tanstack+react-query@5.102.8_react@19.2.8/node_modules/@tanstack/react-query/build/modern/QueryClientProvider.js (1:0): Module level directives cause errors when bundled, "use client" in "../../node_modules/.pnpm/@tanstack+react-query@5.102.8_react@19.2.8/node_modules/@tanstack/react-query/build/modern/QueryClientProvider.js" was ignored.
../../node_modules/.pnpm/@tanstack+react-query@5.102.8_react@19.2.8/node_modules/@tanstack/react-query/build/modern/HydrationBoundary.js (1:0): Module level directives cause errors when bundled, "use client" in "../../node_modules/.pnpm/@tanstack+react-query@5.102.8_react@19.2.8/node_modules/@tanstack/react-query/build/modern/HydrationBoundary.js" was ignored.
../../node_modules/.pnpm/@tanstack+react-query@5.102.8_react@19.2.8/node_modules/@tanstack/react-query/build/modern/useMutationState.js (1:0): Module level directives cause errors when bundled, "use client" in "../../node_modules/.pnpm/@tanstack+react-query@5.102.8_react@19.2.8/node_modules/@tanstack/react-query/build/modern/useMutationState.js" was ignored.
../../node_modules/.pnpm/@tanstack+react-query@5.102.8_react@19.2.8/node_modules/@tanstack/react-query/build/modern/useMutation.js (1:0): Module level directives cause errors when bundled, "use client" in "../../node_modules/.pnpm/@tanstack+react-query@5.102.8_react@19.2.8/node_modules/@tanstack/react-query/build/modern/useMutation.js" was ignored.
../../node_modules/.pnpm/@tanstack+react-query@5.102.8_react@19.2.8/node_modules/@tanstack/react-query/build/modern/useIsFetching.js (1:0): Module level directives cause errors when bundled, "use client" in "../../node_modules/.pnpm/@tanstack+react-query@5.102.8_react@19.2.8/node_modules/@tanstack/react-query/build/modern/useIsFetching.js" was ignored.
../../node_modules/.pnpm/@tanstack+react-query@5.102.8_react@19.2.8/node_modules/@tanstack/react-query/build/modern/useInfiniteQuery.js (1:0): Module level directives cause errors when bundled, "use client" in "../../node_modules/.pnpm/@tanstack+react-query@5.102.8_react@19.2.8/node_modules/@tanstack/react-query/build/modern/useInfiniteQuery.js" was ignored.
../../node_modules/.pnpm/@tanstack+react-query@5.102.8_react@19.2.8/node_modules/@tanstack/react-query/build/modern/useSuspenseInfiniteQuery.js (1:0): Module level directives cause errors when bundled, "use client" in "../../node_modules/.pnpm/@tanstack+react-query@5.102.8_react@19.2.8/node_modules/@tanstack/react-query/build/modern/useSuspenseInfiniteQuery.js" was ignored.
../../node_modules/.pnpm/@tanstack+react-query@5.102.8_react@19.2.8/node_modules/@tanstack/react-query/build/modern/useSuspenseQuery.js (1:0): Module level directives cause errors when bundled, "use client" in "../../node_modules/.pnpm/@tanstack+react-query@5.102.8_react@19.2.8/node_modules/@tanstack/react-query/build/modern/useSuspenseQuery.js" was ignored.
../../node_modules/.pnpm/@tanstack+react-query@5.102.8_react@19.2.8/node_modules/@tanstack/react-query/build/modern/useSuspenseQueries.js (1:0): Module level directives cause errors when bundled, "use client" in "../../node_modules/.pnpm/@tanstack+react-query@5.102.8_react@19.2.8/node_modules/@tanstack/react-query/build/modern/useSuspenseQueries.js" was ignored.
../../node_modules/.pnpm/@tanstack+react-query@5.102.8_react@19.2.8/node_modules/@tanstack/react-query/build/modern/errorBoundaryUtils.js (1:0): Module level directives cause errors when bundled, "use client" in "../../node_modules/.pnpm/@tanstack+react-query@5.102.8_react@19.2.8/node_modules/@tanstack/react-query/build/modern/errorBoundaryUtils.js" was ignored.
../../node_modules/.pnpm/@tanstack+react-query@5.102.8_react@19.2.8/node_modules/@tanstack/react-query/build/modern/useBaseQuery.js (1:0): Module level directives cause errors when bundled, "use client" in "../../node_modules/.pnpm/@tanstack+react-query@5.102.8_react@19.2.8/node_modules/@tanstack/react-query/build/modern/useBaseQuery.js" was ignored.
../../node_modules/.pnpm/lucide-react@1.34.0_react@19.2.8/node_modules/lucide-react/dist/esm/context.mjs (2:0): Module level directives cause errors when bundled, "use client" in "../../node_modules/.pnpm/lucide-react@1.34.0_react@19.2.8/node_modules/lucide-react/dist/esm/context.mjs" was ignored.
../../node_modules/.pnpm/lucide-react@1.34.0_react@19.2.8/node_modules/lucide-react/dist/esm/Icon.mjs (2:0): Module level directives cause errors when bundled, "use client" in "../../node_modules/.pnpm/lucide-react@1.34.0_react@19.2.8/node_modules/lucide-react/dist/esm/Icon.mjs" was ignored.
✓ 1922 modules transformed.
rendering chunks...
computing gzip size...
dist/index.html                   0.41 kB │ gzip:  0.28 kB
dist/assets/index-CBUQ1351.css   11.46 kB │ gzip:  2.79 kB
dist/assets/index-b_-FvY_A.js   308.43 kB │ gzip: 91.97 kB
✓ built in 1.17s

[exit 0] mission-control build

## refresh visual evidence
{
  "cases": 22,
  "overflow": 0,
  "visibleFailures": [],
  "cjkSummary": {
    "bodyScrollWidth": 390,
    "clientWidth": 390,
    "mainClientWidth": 390,
    "mainScrollWidth": 390,
    "title": "记忆来源、冲突与回滚检查",
    "wideGridClientWidth": null,
    "wideGridScrollWidth": null,
    "hasHorizontalOverflow": false
  }
}

[exit 0] refresh visual evidence

## mission-control tests
.                                        |  WARN  Unsupported engine: wanted: {"node":">=22.13.0 <23.0.0"} (current: {"node":"v25.9.0","pnpm":"10.10.0"})

> @nexora/mission-control@0.1.0 test /Users/zq/Desktop/ai-projs/posp/Nexora/apps/mission-control
> vitest --root ../.. apps/mission-control/src --run


 RUN  v3.2.7 /Users/zq/Desktop/ai-projs/posp/Nexora

 ✓ apps/mission-control/src/app/scope-context.test.tsx (2 tests) 9ms
 ✓ apps/mission-control/src/pages/review.test.tsx (2 tests) 11ms
 ✓ apps/mission-control/src/pages/goal.test.tsx (2 tests) 12ms
 ✓ apps/mission-control/src/pages/run-detail.test.tsx (1 test) 13ms
 ✓ apps/mission-control/src/components/interaction.test.tsx (3 tests) 24ms
 ✓ apps/mission-control/src/components/states.test.tsx (1 test) 12ms
 ✓ apps/mission-control/src/pages/mission-control.test.tsx (2 tests) 36ms
 ✓ apps/mission-control/src/pages/artifact.test.tsx (2 tests) 20ms
 ✓ apps/mission-control/src/pages/memory.test.tsx (1 test) 15ms
 ✓ apps/mission-control/src/app/sse-client.test.ts (2 tests) 3ms
 ✓ apps/mission-control/src/design/tokens.test.ts (3 tests) 2ms
 ✓ apps/mission-control/src/app/query-client.test.ts (2 tests) 4ms
 ✓ apps/mission-control/src/pages/inbox.test.tsx (2 tests) 13ms
 ✓ apps/mission-control/src/app/router.test.tsx (3 tests) 2ms

 Test Files  14 passed (14)
      Tests  28 passed (28)
   Start at  14:04:36
   Duration  1.33s (transform 473ms, setup 0ms, collect 1.96s, tests 176ms, environment 2ms, prepare 1.39s)


[exit 0] mission-control tests

## full tests
 WARN  Unsupported engine: wanted: {"node":">=22.13.0 <23.0.0"} (current: {"node":"v25.9.0","pnpm":"10.10.0"})

> nexora@0.1.0 test /Users/zq/Desktop/ai-projs/posp/Nexora
> vitest --run


 RUN  v3.2.7 /Users/zq/Desktop/ai-projs/posp/Nexora

{"level":30,"time":1787897079315,"pid":18702,"hostname":"zqdeMacBook-Air.local","reqId":"req-1","req":{"method":"GET","url":"/v1/tickets/01FRZ3NDEKTSV4RRFFQ69G5FAV?workspace_id=01ARZ3NDEKTSV4RRFFQ69G5FAV","host":"localhost:80","remoteAddress":"127.0.0.1"},"msg":"incoming request"}
{"level":30,"time":1787897079316,"pid":18703,"hostname":"zqdeMacBook-Air.local","reqId":"req-1","req":{"method":"GET","url":"/v1/health","host":"localhost:80","remoteAddress":"127.0.0.1"},"msg":"incoming request"}
{"level":30,"time":1787897079320,"pid":18701,"hostname":"zqdeMacBook-Air.local","reqId":"req-1","req":{"method":"GET","url":"/v1/memory/030RZ3NDEKTSV4RRFFQ69Z5FAV?workspace_id=01ARZ3NDEKTSV4RRFFQ69G5FAV","host":"localhost:80","remoteAddress":"127.0.0.1"},"msg":"incoming request"}
{"level":30,"time":1787897079321,"pid":18699,"hostname":"zqdeMacBook-Air.local","reqId":"req-1","req":{"method":"POST","url":"/v1/reviews/033RZ3NDEKTSV4RRFFQ69Z5FAV/decision","host":"localhost:80","remoteAddress":"127.0.0.1"},"msg":"incoming request"}
{"level":30,"time":1787897079321,"pid":18700,"hostname":"zqdeMacBook-Air.local","reqId":"req-1","req":{"method":"GET","url":"/v1/runs/01GRZ3NDEKTSV4RRFFQ69G5FAV/events?workspace_id=01ARZ3NDEKTSV4RRFFQ69G5FAV&after=run:01GRZ3NDEKTSV4RRFFQ69G5FAV:0&limit=10&step_id=01JRZ3NDEKTSV4RRFFQ69J5FAV","host":"localhost:80","remoteAddress":"127.0.0.1"},"msg":"incoming request"}
{"level":30,"time":1787897079323,"pid":18698,"hostname":"zqdeMacBook-Air.local","reqId":"req-1","req":{"method":"POST","url":"/v1/runs","host":"localhost:80","remoteAddress":"127.0.0.1"},"msg":"incoming request"}
{"level":30,"time":1787897079323,"pid":18702,"hostname":"zqdeMacBook-Air.local","reqId":"req-1","res":{"statusCode":200},"responseTime":3.7832080000000587,"msg":"request completed"}
{"level":30,"time":1787897079324,"pid":18702,"hostname":"zqdeMacBook-Air.local","reqId":"req-2","req":{"method":"GET","url":"/v1/tickets?workspace_id=01ARZ3NDEKTSV4RRFFQ69G5FAV","host":"localhost:80","remoteAddress":"127.0.0.1"},"msg":"incoming request"}
{"level":30,"time":1787897079324,"pid":18702,"hostname":"zqdeMacBook-Air.local","reqId":"req-2","res":{"statusCode":200},"responseTime":0.39770900000007714,"msg":"request completed"}
{"level":30,"time":1787897079328,"pid":18703,"hostname":"zqdeMacBook-Air.local","reqId":"req-1","req":{"method":"GET","url":"/v1/health","host":"localhost:80","remoteAddress":"127.0.0.1"},"msg":"incoming request"}
 ✓ apps/api/src/routes/tickets.test.ts (1 test) 181ms
{"level":30,"time":1787897079334,"pid":18703,"hostname":"zqdeMacBook-Air.local","reqId":"req-1","req":{"method":"GET","url":"/v1/health","host":"localhost:80","remoteAddress":"127.0.0.1"},"msg":"incoming request"}
{"level":30,"time":1787897079331,"pid":18698,"hostname":"zqdeMacBook-Air.local","reqId":"req-1","res":{"statusCode":202},"responseTime":7.334833000000117,"msg":"request completed"}
{"level":30,"time":1787897079333,"pid":18698,"hostname":"zqdeMacBook-Air.local","reqId":"req-2","req":{"method":"POST","url":"/v1/runs","host":"localhost:80","remoteAddress":"127.0.0.1"},"msg":"incoming request"}
{"level":30,"time":1787897079339,"pid":18701,"hostname":"zqdeMacBook-Air.local","reqId":"req-1","req":{"method":"POST","url":"/v1/memory/031RZ3NDEKTSV4RRFFQ69Z5FAV/resolve","host":"localhost:80","remoteAddress":"127.0.0.1"},"msg":"incoming request"}
{"level":30,"time":1787897079343,"pid":18703,"hostname":"zqdeMacBook-Air.local","reqId":"req-1","req":{"method":"GET","url":"/v1/health","host":"localhost:80","remoteAddress":"127.0.0.1"},"msg":"incoming request"}
{"level":30,"time":1787897079323,"pid":18703,"hostname":"zqdeMacBook-Air.local","reqId":"req-1","res":{"statusCode":200},"responseTime":2.4352910000000065,"msg":"request completed"}
{"level":30,"time":1787897079328,"pid":18703,"hostname":"zqdeMacBook-Air.local","reqId":"req-1","res":{"statusCode":200},"responseTime":0.5201670000001286,"msg":"request completed"}
{"level":30,"time":1787897079334,"pid":18703,"hostname":"zqdeMacBook-Air.local","reqId":"req-1","res":{"statusCode":200},"responseTime":0.17612499999995634,"msg":"request completed"}
{"level":30,"time":1787897079334,"pid":18703,"hostname":"zqdeMacBook-Air.local","reqId":"req-2","req":{"method":"GET","url":"/v1/health","host":"localhost:80","remoteAddress":"127.0.0.1"},"msg":"incoming request"}
{"level":30,"time":1787897079334,"pid":18703,"hostname":"zqdeMacBook-Air.local","reqId":"req-2","res":{"statusCode":200},"responseTime":0.07804200000009587,"msg":"request completed"}
{"level":30,"time":1787897079344,"pid":18703,"hostname":"zqdeMacBook-Air.local","reqId":"req-1","res":{"statusCode":200},"responseTime":0.17483299999980773,"msg":"request completed"}
{"level":30,"time":1787897079344,"pid":18703,"hostname":"zqdeMacBook-Air.local","reqId":"req-2","req":{"method":"GET","url":"/v1/runs?workspace_id=01ARZ3NDEKTSV4RRFFQ69G5FAV","host":"localhost:80","remoteAddress":"127.0.0.1"},"msg":"incoming request"}
{"level":30,"time":1787897079345,"pid":18703,"hostname":"zqdeMacBook-Air.local","reqId":"req-2","msg":"Route GET:/v1/runs?workspace_id=01ARZ3NDEKTSV4RRFFQ69G5FAV not found"}
{"level":30,"time":1787897079345,"pid":18703,"hostname":"zqdeMacBook-Air.local","reqId":"req-2","res":{"statusCode":404},"responseTime":0.46325000000001637,"msg":"request completed"}
{"level":30,"time":1787897079344,"pid":18700,"hostname":"zqdeMacBook-Air.local","reqId":"req-1","req":{"method":"GET","url":"/v1/runs/01GRZ3NDEKTSV4RRFFQ69G5FAV/events?workspace_id=01ARZ3NDEKTSV4RRFFQ69G5FAV&limit=10","host":"localhost:80","remoteAddress":"127.0.0.1"},"msg":"incoming request"}
 ✓ apps/api/src/routes/health.test.ts (4 tests) 200ms
{"level":30,"time":1787897079365,"pid":18701,"hostname":"zqdeMacBook-Air.local","reqId":"req-1","req":{"method":"POST","url":"/v1/memory/030RZ3NDEKTSV4RRFFQ69Z5FAV/resolve","host":"localhost:80","remoteAddress":"127.0.0.1"},"msg":"incoming request"}
{"level":30,"time":1787897079326,"pid":18701,"hostname":"zqdeMacBook-Air.local","reqId":"req-1","res":{"statusCode":200},"responseTime":3.298999999999978,"msg":"request completed"}
{"level":30,"time":1787897079326,"pid":18701,"hostname":"zqdeMacBook-Air.local","reqId":"req-2","req":{"method":"GET","url":"/v1/memory?workspace_id=01ARZ3NDEKTSV4RRFFQ69G5FAV","host":"localhost:80","remoteAddress":"127.0.0.1"},"msg":"incoming request"}
{"level":30,"time":1787897079326,"pid":18701,"hostname":"zqdeMacBook-Air.local","reqId":"req-2","res":{"statusCode":200},"responseTime":0.4339580000000751,"msg":"request completed"}
{"level":30,"time":1787897079341,"pid":18701,"hostname":"zqdeMacBook-Air.local","reqId":"req-1","res":{"statusCode":400},"responseTime":2.826374999999871,"msg":"request completed"}
{"level":30,"time":1787897079352,"pid":18699,"hostname":"zqdeMacBook-Air.local","reqId":"req-1","req":{"method":"POST","url":"/v1/reviews/033RZ3NDEKTSV4RRFFQ69Z5FAV/decision","host":"localhost:80","remoteAddress":"127.0.0.1"},"msg":"incoming request"}
{"level":30,"time":1787897079331,"pid":18699,"hostname":"zqdeMacBook-Air.local","reqId":"req-1","res":{"statusCode":400},"responseTime":7.93683400000009,"msg":"request completed"}
{"level":30,"time":1787897079359,"pid":18699,"hostname":"zqdeMacBook-Air.local","reqId":"req-1","res":{"statusCode":202},"responseTime":7.421000000000049,"msg":"request completed"}
{"level":30,"time":1787897079360,"pid":18698,"hostname":"zqdeMacBook-Air.local","reqId":"req-1","req":{"method":"POST","url":"/v1/runs","host":"localhost:80","remoteAddress":"127.0.0.1"},"msg":"incoming request"}
{"level":30,"time":1787897079335,"pid":18698,"hostname":"zqdeMacBook-Air.local","reqId":"req-2","res":{"statusCode":202},"responseTime":2.1195840000000317,"msg":"request completed"}
{"level":30,"time":1787897079339,"pid":18698,"hostname":"zqdeMacBook-Air.local","reqId":"req-3","req":{"method":"GET","url":"/v1/runs/01GRZ3NDEKTSV4RRFFQ69G5FAV?workspace_id=01ARZ3NDEKTSV4RRFFQ69G5FAV","host":"localhost:80","remoteAddress":"127.0.0.1"},"msg":"incoming request"}
{"level":30,"time":1787897079344,"pid":18698,"hostname":"zqdeMacBook-Air.local","reqId":"req-3","res":{"statusCode":200},"responseTime":4.982957999999826,"msg":"request completed"}
{"level":30,"time":1787897079362,"pid":18698,"hostname":"zqdeMacBook-Air.local","reqId":"req-1","res":{"statusCode":202},"responseTime":1.911292000000003,"msg":"request completed"}
{"level":30,"time":1787897079362,"pid":18698,"hostname":"zqdeMacBook-Air.local","reqId":"req-2","req":{"method":"POST","url":"/v1/runs","host":"localhost:80","remoteAddress":"127.0.0.1"},"msg":"incoming request"}
{"level":30,"time":1787897079369,"pid":18701,"hostname":"zqdeMacBook-Air.local","reqId":"req-1","res":{"statusCode":409},"responseTime":4.076625000000149,"msg":"request completed"}
{"level":30,"time":1787897079369,"pid":18701,"hostname":"zqdeMacBook-Air.local","reqId":"req-2","req":{"method":"POST","url":"/v1/memory/030RZ3NDEKTSV4RRFFQ69Z5FAV/resolve","host":"localhost:80","remoteAddress":"127.0.0.1"},"msg":"incoming request"}
{"level":30,"time":1787897079373,"pid":18699,"hostname":"zqdeMacBook-Air.local","reqId":"req-1","req":{"method":"POST","url":"/v1/reviews/033RZ3NDEKTSV4RRFFQ69Z5FAV/decision","host":"localhost:80","remoteAddress":"127.0.0.1"},"msg":"incoming request"}
{"level":30,"time":1787897079360,"pid":18699,"hostname":"zqdeMacBook-Air.local","reqId":"req-2","req":{"method":"GET","url":"/v1/reviews/033RZ3NDEKTSV4RRFFQ69Z5FAV?workspace_id=01ARZ3NDEKTSV4RRFFQ69G5FAV&review_version=1","host":"localhost:80","remoteAddress":"127.0.0.1"},"msg":"incoming request"}
{"level":30,"time":1787897079361,"pid":18699,"hostname":"zqdeMacBook-Air.local","reqId":"req-2","res":{"statusCode":200},"responseTime":0.7707920000000286,"msg":"request completed"}
{"level":30,"time":1787897079361,"pid":18699,"hostname":"zqdeMacBook-Air.local","reqId":"req-3","req":{"method":"GET","url":"/v1/reviews?workspace_id=01ARZ3NDEKTSV4RRFFQ69G5FAV","host":"localhost:80","remoteAddress":"127.0.0.1"},"msg":"incoming request"}
{"level":30,"time":1787897079362,"pid":18699,"hostname":"zqdeMacBook-Air.local","reqId":"req-3","res":{"statusCode":200},"responseTime":1.0742079999999987,"msg":"request completed"}
{"level":30,"time":1787897079376,"pid":18699,"hostname":"zqdeMacBook-Air.local","reqId":"req-1","res":{"statusCode":202},"responseTime":2.344250000000102,"msg":"request completed"}
{"level":30,"time":1787897079375,"pid":18700,"hostname":"zqdeMacBook-Air.local","reqId":"req-1","req":{"method":"GET","url":"/v1/runs/01GRZ3NDEKTSV4RRFFQ69G5FAV/events?workspace_id=01ARZ3NDEKTSV4RRFFQ69G5FAV&limit=10","host":"localhost:80","remoteAddress":"127.0.0.1"},"msg":"incoming request"}
{"level":30,"time":1787897079381,"pid":18698,"hostname":"zqdeMacBook-Air.local","reqId":"req-1","req":{"method":"POST","url":"/v1/runs/01GRZ3NDEKTSV4RRFFQ69G5FAV/pause","host":"localhost:80","remoteAddress":"127.0.0.1"},"msg":"incoming request"}
{"level":30,"time":1787897079364,"pid":18698,"hostname":"zqdeMacBook-Air.local","reqId":"req-2","res":{"statusCode":409},"responseTime":1.2344170000001213,"msg":"request completed"}
{"level":30,"time":1787897079384,"pid":18698,"hostname":"zqdeMacBook-Air.local","reqId":"req-1","res":{"statusCode":409},"responseTime":2.9163750000000164,"msg":"request completed"}
{"level":30,"time":1787897079384,"pid":18698,"hostname":"zqdeMacBook-Air.local","reqId":"req-2","req":{"method":"POST","url":"/v1/runs/01GRZ3NDEKTSV4RRFFQ69G5FAV/pause","host":"localhost:80","remoteAddress":"127.0.0.1"},"msg":"incoming request"}
{"level":30,"time":1787897079395,"pid":18698,"hostname":"zqdeMacBook-Air.local","reqId":"req-1","req":{"method":"POST","url":"/v1/runs/01GRZ3NDEKTSV4RRFFQ69G5FAV/retry","host":"localhost:80","remoteAddress":"127.0.0.1"},"msg":"incoming request"}
{"level":30,"time":1787897079385,"pid":18698,"hostname":"zqdeMacBook-Air.local","reqId":"req-2","res":{"statusCode":409},"responseTime":1.0828750000000582,"msg":"request completed"}
{"level":30,"time":1787897079396,"pid":18698,"hostname":"zqdeMacBook-Air.local","reqId":"req-1","res":{"statusCode":409},"responseTime":0.9937919999999849,"msg":"request completed"}
{"level":30,"time":1787897079396,"pid":18698,"hostname":"zqdeMacBook-Air.local","reqId":"req-2","req":{"method":"POST","url":"/v1/runs/01GRZ3NDEKTSV4RRFFQ69G5FAV/retry","host":"localhost:80","remoteAddress":"127.0.0.1"},"msg":"incoming request"}
{"level":30,"time":1787897079403,"pid":18700,"hostname":"zqdeMacBook-Air.local","reqId":"req-1","req":{"method":"GET","url":"/v1/runs/01GRZ3NDEKTSV4RRFFQ69G5FAV/events?workspace_id=01ARZ3NDEKTSV4RRFFQ69G5FAV&limit=1&step_id=01JRZ3NDEKTSV4RRFFQ69J5FAV","host":"localhost:80","remoteAddress":"127.0.0.1"},"msg":"incoming request"}
{"level":30,"time":1787897079404,"pid":18701,"hostname":"zqdeMacBook-Air.local","reqId":"req-1","req":{"method":"POST","url":"/v1/memory/030RZ3NDEKTSV4RRFFQ69Z5FAV/resolve","host":"localhost:80","remoteAddress":"127.0.0.1"},"msg":"incoming request"}
{"level":30,"time":1787897079375,"pid":18701,"hostname":"zqdeMacBook-Air.local","reqId":"req-2","res":{"statusCode":409},"responseTime":5.652041999999938,"msg":"request completed"}
{"level":30,"time":1787897079406,"pid":18701,"hostname":"zqdeMacBook-Air.local","reqId":"req-1","res":{"statusCode":409},"responseTime":1.6426249999999527,"msg":"request completed"}
{"level":30,"time":1787897079406,"pid":18698,"hostname":"zqdeMacBook-Air.local","reqId":"req-1","req":{"method":"POST","url":"/v1/runs","host":"localhost:80","remoteAddress":"127.0.0.1"},"msg":"incoming request"}
{"level":30,"time":1787897079397,"pid":18698,"hostname":"zqdeMacBook-Air.local","reqId":"req-2","res":{"statusCode":409},"responseTime":0.8777079999999842,"msg":"request completed"}
{"level":30,"time":1787897079407,"pid":18698,"hostname":"zqdeMacBook-Air.local","reqId":"req-1","res":{"statusCode":401},"responseTime":1.1953330000001188,"msg":"request completed"}
{"level":30,"time":1787897079414,"pid":18698,"hostname":"zqdeMacBook-Air.local","reqId":"req-1","req":{"method":"POST","url":"/v1/runs","host":"localhost:80","remoteAddress":"127.0.0.1"},"msg":"incoming request"}
{"level":30,"time":1787897079416,"pid":18700,"hostname":"zqdeMacBook-Air.local","reqId":"req-1","req":{"method":"GET","url":"/v1/runs/01GRZ3NDEKTSV4RRFFQ69G5FAV/events?workspace_id=01ARZ3NDEKTSV4RRFFQ69G5FAV&limit=10","host":"localhost:80","remoteAddress":"127.0.0.1"},"msg":"incoming request"}
{"level":30,"time":1787897079417,"pid":18698,"hostname":"zqdeMacBook-Air.local","reqId":"req-1","res":{"statusCode":400},"responseTime":2.973707999999988,"msg":"request completed"}
{"level":30,"time":1787897079419,"pid":18701,"hostname":"zqdeMacBook-Air.local","reqId":"req-1","req":{"method":"POST","url":"/v1/memory/030RZ3NDEKTSV4RRFFQ69Z5FAV/resolve","host":"localhost:80","remoteAddress":"127.0.0.1"},"msg":"incoming request"}
{"level":30,"time":1787897079420,"pid":18701,"hostname":"zqdeMacBook-Air.local","reqId":"req-1","res":{"statusCode":409},"responseTime":0.765999999999849,"msg":"request completed"}
 ✓ apps/api/src/routes/events.test.ts (5 tests) 275ms
{"level":30,"time":1787897079330,"pid":18700,"hostname":"zqdeMacBook-Air.local","reqId":"req-1","res":{"statusCode":200},"responseTime":6.93104100000005,"msg":"request completed"}
{"level":30,"time":1787897079347,"pid":18700,"hostname":"zqdeMacBook-Air.local","reqId":"req-1","res":{"statusCode":200},"responseTime":1.9329589999999826,"msg":"request completed"}
{"level":30,"time":1787897079381,"pid":18700,"hostname":"zqdeMacBook-Air.local","reqId":"req-1","res":{"statusCode":404},"responseTime":5.646167000000105,"msg":"request completed"}
{"level":30,"time":1787897079404,"pid":18700,"hostname":"zqdeMacBook-Air.local","reqId":"req-1","res":{"statusCode":200},"responseTime":1.335832999999866,"msg":"request completed"}
{"level":30,"time":1787897079418,"pid":18700,"hostname":"zqdeMacBook-Air.local","reqId":"req-1","res":{"statusCode":200},"responseTime":1.8487079999999878,"msg":"request completed"}
 ✓ apps/api/src/routes/memory.test.ts (5 tests) 275ms
{"level":30,"time":1787897079423,"pid":18698,"hostname":"zqdeMacBook-Air.local","reqId":"req-1","req":{"method":"GET","url":"/v1/runs/not-a-ulid?workspace_id=01ARZ3NDEKTSV4RRFFQ69G5FAV","host":"localhost:80","remoteAddress":"127.0.0.1"},"msg":"incoming request"}
{"level":30,"time":1787897079431,"pid":18699,"hostname":"zqdeMacBook-Air.local","reqId":"req-1","req":{"method":"POST","url":"/v1/reviews/033RZ3NDEKTSV4RRFFQ69Z5FAV/decision","host":"localhost:80","remoteAddress":"127.0.0.1"},"msg":"incoming request"}
{"level":30,"time":1787897079376,"pid":18699,"hostname":"zqdeMacBook-Air.local","reqId":"req-2","req":{"method":"GET","url":"/v1/runs/01GRZ3NDEKTSV4RRFFQ69G5FAV/events?workspace_id=01ARZ3NDEKTSV4RRFFQ69G5FAV&limit=10","host":"localhost:80","remoteAddress":"127.0.0.1"},"msg":"incoming request"}
{"level":30,"time":1787897079379,"pid":18699,"hostname":"zqdeMacBook-Air.local","reqId":"req-2","res":{"statusCode":200},"responseTime":2.228791999999885,"msg":"request completed"}
{"level":30,"time":1787897079433,"pid":18699,"hostname":"zqdeMacBook-Air.local","reqId":"req-1","res":{"statusCode":409},"responseTime":1.819541000000072,"msg":"request completed"}
{"level":30,"time":1787897079433,"pid":18698,"hostname":"zqdeMacBook-Air.local","reqId":"req-1","req":{"method":"GET","url":"/v1/runs/01GRZ3NDEKTSV4RRFFQ69G5FAV?workspace_id=01BRZ3NDEKTSV4RRFFQ69G5FAV","host":"localhost:80","remoteAddress":"127.0.0.1"},"msg":"incoming request"}
{"level":30,"time":1787897079440,"pid":18698,"hostname":"zqdeMacBook-Air.local","reqId":"req-1","req":{"method":"POST","url":"/v1/runs/01GRZ3NDEKTSV4RRFFQ69G5FAV/pause","host":"localhost:80","remoteAddress":"127.0.0.1"},"msg":"incoming request"}
{"level":30,"time":1787897079424,"pid":18698,"hostname":"zqdeMacBook-Air.local","reqId":"req-1","res":{"statusCode":400},"responseTime":0.7259579999999914,"msg":"request completed"}
{"level":30,"time":1787897079433,"pid":18698,"hostname":"zqdeMacBook-Air.local","reqId":"req-1","res":{"statusCode":404},"responseTime":0.798082999999906,"msg":"request completed"}
{"level":30,"time":1787897079441,"pid":18698,"hostname":"zqdeMacBook-Air.local","reqId":"req-1","res":{"statusCode":202},"responseTime":1.109707999999955,"msg":"request completed"}
{"level":30,"time":1787897079441,"pid":18698,"hostname":"zqdeMacBook-Air.local","reqId":"req-2","req":{"method":"POST","url":"/v1/runs/01GRZ3NDEKTSV4RRFFQ69G5FAV/resume","host":"localhost:80","remoteAddress":"127.0.0.1"},"msg":"incoming request"}
{"level":30,"time":1787897079442,"pid":18698,"hostname":"zqdeMacBook-Air.local","reqId":"req-2","res":{"statusCode":202},"responseTime":0.8410419999997885,"msg":"request completed"}
{"level":30,"time":1787897079442,"pid":18698,"hostname":"zqdeMacBook-Air.local","reqId":"req-3","req":{"method":"POST","url":"/v1/runs/01GRZ3NDEKTSV4RRFFQ69G5FAV/cancel","host":"localhost:80","remoteAddress":"127.0.0.1"},"msg":"incoming request"}
{"level":30,"time":1787897079443,"pid":18698,"hostname":"zqdeMacBook-Air.local","reqId":"req-3","res":{"statusCode":202},"responseTime":0.6992089999998825,"msg":"request completed"}
{"level":30,"time":1787897079443,"pid":18698,"hostname":"zqdeMacBook-Air.local","reqId":"req-4","req":{"method":"GET","url":"/v1/runs/01GRZ3NDEKTSV4RRFFQ69G5FAV?workspace_id=01ARZ3NDEKTSV4RRFFQ69G5FAV","host":"localhost:80","remoteAddress":"127.0.0.1"},"msg":"incoming request"}
{"level":30,"time":1787897079444,"pid":18698,"hostname":"zqdeMacBook-Air.local","reqId":"req-4","res":{"statusCode":200},"responseTime":0.2769999999998163,"msg":"request completed"}
 ✓ apps/api/src/routes/runs.test.ts (9 tests) 299ms
{"level":30,"time":1787897079451,"pid":18699,"hostname":"zqdeMacBook-Air.local","reqId":"req-1","req":{"method":"POST","url":"/v1/reviews/033RZ3NDEKTSV4RRFFQ69Z5FAV/decision","host":"localhost:80","remoteAddress":"127.0.0.1"},"msg":"incoming request"}
{"level":30,"time":1787897079455,"pid":18699,"hostname":"zqdeMacBook-Air.local","reqId":"req-1","res":{"statusCode":202},"responseTime":3.202916999999843,"msg":"request completed"}
{"level":30,"time":1787897079455,"pid":18699,"hostname":"zqdeMacBook-Air.local","reqId":"req-2","req":{"method":"POST","url":"/v1/reviews/033RZ3NDEKTSV4RRFFQ69Z5FAV/decision","host":"localhost:80","remoteAddress":"127.0.0.1"},"msg":"incoming request"}
{"level":30,"time":1787897079456,"pid":18699,"hostname":"zqdeMacBook-Air.local","reqId":"req-2","res":{"statusCode":202},"responseTime":0.795415999999932,"msg":"request completed"}
 ✓ apps/api/src/routes/reviews.test.ts (5 tests) 312ms
 ✓ packages/connectors/src/connector.test.ts (7 tests) 52ms
 ✓ packages/orchestration/src/orchestration.test.ts (9 tests) 41ms
{"level":30,"time":1787897080157,"pid":18719,"hostname":"zqdeMacBook-Air.local","reqId":"req-1","req":{"method":"POST","url":"/v1/goals","host":"localhost:80","remoteAddress":"127.0.0.1"},"msg":"incoming request"}
{"level":30,"time":1787897080167,"pid":18719,"hostname":"zqdeMacBook-Air.local","reqId":"req-1","res":{"statusCode":202},"responseTime":8.469542000000047,"msg":"request completed"}
{"level":30,"time":1787897080167,"pid":18719,"hostname":"zqdeMacBook-Air.local","reqId":"req-2","req":{"method":"POST","url":"/v1/tickets","host":"localhost:80","remoteAddress":"127.0.0.1"},"msg":"incoming request"}
{"level":30,"time":1787897080169,"pid":18719,"hostname":"zqdeMacBook-Air.local","reqId":"req-2","res":{"statusCode":202},"responseTime":2.3369169999999713,"msg":"request completed"}
{"level":30,"time":1787897080170,"pid":18719,"hostname":"zqdeMacBook-Air.local","reqId":"req-3","req":{"method":"POST","url":"/v1/runs","host":"localhost:80","remoteAddress":"127.0.0.1"},"msg":"incoming request"}
{"level":30,"time":1787897080178,"pid":18719,"hostname":"zqdeMacBook-Air.local","reqId":"req-3","res":{"statusCode":202},"responseTime":8.74129199999993,"msg":"request completed"}
{"level":30,"time":1787897080183,"pid":18719,"hostname":"zqdeMacBook-Air.local","reqId":"req-4","req":{"method":"GET","url":"/v1/runs/01VRZ3NDEKTSV4RRFFQ69V5FAV/events?workspace_id=01ARZ3NDEKTSV4RRFFQ69G5FAV","host":"localhost:80","remoteAddress":"127.0.0.1"},"msg":"incoming request"}
{"level":30,"time":1787897080189,"pid":18719,"hostname":"zqdeMacBook-Air.local","reqId":"req-4","res":{"statusCode":200},"responseTime":5.725874999999974,"msg":"request completed"}
{"level":30,"time":1787897080189,"pid":18719,"hostname":"zqdeMacBook-Air.local","reqId":"req-5","req":{"method":"POST","url":"/v1/runs/01VRZ3NDEKTSV4RRFFQ69V5FAV/pause","host":"localhost:80","remoteAddress":"127.0.0.1"},"msg":"incoming request"}
{"level":30,"time":1787897080193,"pid":18719,"hostname":"zqdeMacBook-Air.local","reqId":"req-5","res":{"statusCode":202},"responseTime":2.948666000000003,"msg":"request completed"}
{"level":30,"time":1787897080195,"pid":18719,"hostname":"zqdeMacBook-Air.local","reqId":"req-6","req":{"method":"POST","url":"/v1/runs/01VRZ3NDEKTSV4RRFFQ69V5FAV/resume","host":"localhost:80","remoteAddress":"127.0.0.1"},"msg":"incoming request"}
{"level":30,"time":1787897080200,"pid":18719,"hostname":"zqdeMacBook-Air.local","reqId":"req-6","res":{"statusCode":202},"responseTime":4.582417000000078,"msg":"request completed"}
{"level":30,"time":1787897080202,"pid":18719,"hostname":"zqdeMacBook-Air.local","reqId":"req-7","req":{"method":"POST","url":"/v1/runs/01VRZ3NDEKTSV4RRFFQ69V5FAV/cancel","host":"localhost:80","remoteAddress":"127.0.0.1"},"msg":"incoming request"}
 ✓ packages/connectors/src/mock-draft-connector.test.ts (6 tests) 28ms
 ✓ packages/memory/src/vault.test.ts (5 tests) 67ms
{"level":30,"time":1787897080224,"pid":18719,"hostname":"zqdeMacBook-Air.local","reqId":"req-1","req":{"method":"POST","url":"/v1/runs","host":"localhost:80","remoteAddress":"127.0.0.1"},"msg":"incoming request"}
{"level":30,"time":1787897080205,"pid":18719,"hostname":"zqdeMacBook-Air.local","reqId":"req-7","res":{"statusCode":202},"responseTime":2.9786249999999654,"msg":"request completed"}
{"level":30,"time":1787897080206,"pid":18719,"hostname":"zqdeMacBook-Air.local","reqId":"req-8","req":{"method":"GET","url":"/v1/runs/01VRZ3NDEKTSV4RRFFQ69V5FAV?workspace_id=01ARZ3NDEKTSV4RRFFQ69G5FAV","host":"localhost:80","remoteAddress":"127.0.0.1"},"msg":"incoming request"}
{"level":30,"time":1787897080207,"pid":18719,"hostname":"zqdeMacBook-Air.local","reqId":"req-8","res":{"statusCode":200},"responseTime":1.1164590000000771,"msg":"request completed"}
{"level":30,"time":1787897080229,"pid":18719,"hostname":"zqdeMacBook-Air.local","reqId":"req-1","res":{"statusCode":202},"responseTime":4.417790999999966,"msg":"request completed"}
{"level":30,"time":1787897080231,"pid":18719,"hostname":"zqdeMacBook-Air.local","reqId":"req-2","req":{"method":"POST","url":"/v1/reviews/024RZ3NDEKTSV4RRFFQ69Z5FAV/decision","host":"localhost:80","remoteAddress":"127.0.0.1"},"msg":"incoming request"}
{"level":30,"time":1787897080235,"pid":18719,"hostname":"zqdeMacBook-Air.local","reqId":"req-2","res":{"statusCode":409},"responseTime":3.8992079999999305,"msg":"request completed"}
 ✓ tests/integration/api-commands.test.ts (2 tests) 234ms
 ✓ apps/mission-control/src/pages/mission-control.test.tsx (2 tests) 28ms
 ✓ apps/worker/src/worker-loop.test.ts (3 tests) 22ms
 ✓ apps/mission-control/src/components/interaction.test.tsx (3 tests) 14ms
 ✓ packages/event-store/src/event-store.test.ts (3 tests) 22ms
 ✓ packages/runtime-adapters/src/deterministic-adapter.test.ts (14 tests) 19ms
 ✓ tests/integration/review-gate.test.ts (2 tests) 27ms
 ✓ packages/event-store/src/cursor.test.ts (4 tests) 12ms
 ✓ apps/mission-control/src/pages/artifact.test.tsx (2 tests) 19ms
 ✓ packages/runtime-adapters/src/local-process-adapter.test.ts (15 tests) 2134ms
   ✓ local process adapter > terminates an unresponsive child when the runtime deadline expires  502ms
 ✓ packages/memory/src/snapshots.test.ts (1 test) 21ms
 ✓ packages/persistence/src/repositories.test.ts (3 tests) 43ms
 ✓ packages/persistence/src/schema.test.ts (3 tests) 24ms
 ✓ packages/contracts/src/schemas.test.ts (38 tests) 26ms
 ✓ tests/integration/provenance.test.ts (1 test) 16ms
 ✓ apps/mission-control/src/pages/memory.test.tsx (1 test) 15ms
 ✓ packages/event-store/src/projections.test.ts (3 tests) 19ms
 ✓ packages/connectors/src/idempotency.test.ts (3 tests) 12ms
 ✓ packages/orchestration/src/run-control.test.ts (2 tests) 14ms
 ✓ packages/artifacts/src/store.test.ts (1 test) 10ms
 ✓ apps/mission-control/src/pages/inbox.test.tsx (2 tests) 9ms
 ✓ apps/mission-control/src/pages/run-detail.test.tsx (1 test) 16ms
 ✓ apps/mission-control/src/pages/goal.test.tsx (2 tests) 10ms
 ✓ apps/mission-control/src/components/states.test.tsx (1 test) 7ms
 ✓ tests/integration/recovery.test.ts (1 test) 12ms
 ✓ apps/mission-control/src/pages/review.test.tsx (2 tests) 37ms
 ✓ packages/policy/src/redaction.test.ts (3 tests) 9ms
 ✓ packages/config/src/env.test.ts (5 tests) 10ms
 ✓ apps/mission-control/src/app/scope-context.test.tsx (2 tests) 6ms
 ✓ packages/persistence/src/orchestration-schema.test.ts (1 test) 5ms
 ✓ packages/contracts/src/review.test.ts (3 tests) 7ms
 ✓ packages/connectors/src/registry.test.ts (2 tests) 6ms
 ✓ packages/contracts/src/envelope.test.ts (22 tests) 13ms
 ✓ packages/domain/src/commands.test.ts (2 tests) 9ms
 ✓ packages/runtime-adapters/src/envelope-codec.test.ts (4 tests) 5ms
 ✓ packages/runtime-adapters/src/runtime-adapter.test.ts (2 tests) 4ms
 ✓ packages/contracts/src/errors.test.ts (6 tests) 4ms
 ✓ packages/contracts/src/connectors.test.ts (3 tests) 5ms
 ✓ packages/contracts/src/runtime.test.ts (3 tests) 4ms
 ✓ tests/integration/runtime-contract.test.ts (1 test) 11ms
 ✓ packages/persistence/src/memory-artifact-schema.test.ts (1 test) 19ms
 ✓ packages/domain/src/run-state.test.ts (16 tests) 9ms
 ✓ packages/contracts/src/ids.test.ts (7 tests) 4ms
 ✓ packages/contracts/src/memory.test.ts (1 test) 5ms
 ✓ packages/policy/src/risk.test.ts (9 tests) 12ms
 ✓ apps/mission-control/src/app/query-client.test.ts (2 tests) 2ms
 ✓ packages/artifacts/src/metadata.test.ts (1 test) 6ms
 ✓ packages/policy/src/egress.test.ts (22 tests) 7ms
 ✓ apps/mission-control/src/design/tokens.test.ts (3 tests) 2ms
 ✓ apps/mission-control/src/app/sse-client.test.ts (2 tests) 2ms
 ✓ packages/policy/src/scope.test.ts (3 tests) 8ms
 ✓ tests/integration/policy-boundary.test.ts (3 tests) 3ms
 ✓ packages/memory/src/scope-filter.test.ts (1 test) 2ms
 ✓ packages/policy/src/rbac.test.ts (3 tests) 4ms
 ✓ apps/mission-control/src/app/router.test.tsx (3 tests) 6ms

 Test Files  65 passed (65)
      Tests  307 passed (307)
   Start at  14:04:38
   Duration  5.68s (transform 1.43s, setup 0ms, collect 9.60s, tests 4.74s, environment 17ms, prepare 4.70s)


[exit 0] full tests

## integration tests
 WARN  Unsupported engine: wanted: {"node":">=22.13.0 <23.0.0"} (current: {"node":"v25.9.0","pnpm":"10.10.0"})

> nexora@0.1.0 test:integration /Users/zq/Desktop/ai-projs/posp/Nexora
> vitest run --passWithNoTests tests/integration


 RUN  v3.2.7 /Users/zq/Desktop/ai-projs/posp/Nexora

 ✓ tests/integration/policy-boundary.test.ts (3 tests) 2ms
 ✓ tests/integration/runtime-contract.test.ts (1 test) 5ms
 ✓ tests/integration/review-gate.test.ts (2 tests) 18ms
 ✓ tests/integration/provenance.test.ts (1 test) 18ms
 ✓ tests/integration/recovery.test.ts (1 test) 9ms
{"level":30,"time":1787897085621,"pid":18904,"hostname":"zqdeMacBook-Air.local","reqId":"req-1","req":{"method":"POST","url":"/v1/goals","host":"localhost:80","remoteAddress":"127.0.0.1"},"msg":"incoming request"}
{"level":30,"time":1787897085627,"pid":18904,"hostname":"zqdeMacBook-Air.local","reqId":"req-1","res":{"statusCode":202},"responseTime":5.134791999999948,"msg":"request completed"}
{"level":30,"time":1787897085627,"pid":18904,"hostname":"zqdeMacBook-Air.local","reqId":"req-2","req":{"method":"POST","url":"/v1/tickets","host":"localhost:80","remoteAddress":"127.0.0.1"},"msg":"incoming request"}
{"level":30,"time":1787897085629,"pid":18904,"hostname":"zqdeMacBook-Air.local","reqId":"req-2","res":{"statusCode":202},"responseTime":1.6095419999999194,"msg":"request completed"}
{"level":30,"time":1787897085629,"pid":18904,"hostname":"zqdeMacBook-Air.local","reqId":"req-3","req":{"method":"POST","url":"/v1/runs","host":"localhost:80","remoteAddress":"127.0.0.1"},"msg":"incoming request"}
{"level":30,"time":1787897085631,"pid":18904,"hostname":"zqdeMacBook-Air.local","reqId":"req-3","res":{"statusCode":202},"responseTime":1.8456670000000486,"msg":"request completed"}
{"level":30,"time":1787897085632,"pid":18904,"hostname":"zqdeMacBook-Air.local","reqId":"req-4","req":{"method":"GET","url":"/v1/runs/01VRZ3NDEKTSV4RRFFQ69V5FAV/events?workspace_id=01ARZ3NDEKTSV4RRFFQ69G5FAV","host":"localhost:80","remoteAddress":"127.0.0.1"},"msg":"incoming request"}
{"level":30,"time":1787897085633,"pid":18904,"hostname":"zqdeMacBook-Air.local","reqId":"req-4","res":{"statusCode":200},"responseTime":1.038915999999972,"msg":"request completed"}
{"level":30,"time":1787897085633,"pid":18904,"hostname":"zqdeMacBook-Air.local","reqId":"req-5","req":{"method":"POST","url":"/v1/runs/01VRZ3NDEKTSV4RRFFQ69V5FAV/pause","host":"localhost:80","remoteAddress":"127.0.0.1"},"msg":"incoming request"}
{"level":30,"time":1787897085634,"pid":18904,"hostname":"zqdeMacBook-Air.local","reqId":"req-5","res":{"statusCode":202},"responseTime":1.174916000000053,"msg":"request completed"}
{"level":30,"time":1787897085635,"pid":18904,"hostname":"zqdeMacBook-Air.local","reqId":"req-6","req":{"method":"POST","url":"/v1/runs/01VRZ3NDEKTSV4RRFFQ69V5FAV/resume","host":"localhost:80","remoteAddress":"127.0.0.1"},"msg":"incoming request"}
{"level":30,"time":1787897085635,"pid":18904,"hostname":"zqdeMacBook-Air.local","reqId":"req-6","res":{"statusCode":202},"responseTime":0.8258329999999887,"msg":"request completed"}
{"level":30,"time":1787897085636,"pid":18904,"hostname":"zqdeMacBook-Air.local","reqId":"req-7","req":{"method":"POST","url":"/v1/runs/01VRZ3NDEKTSV4RRFFQ69V5FAV/cancel","host":"localhost:80","remoteAddress":"127.0.0.1"},"msg":"incoming request"}
{"level":30,"time":1787897085643,"pid":18904,"hostname":"zqdeMacBook-Air.local","reqId":"req-1","req":{"method":"POST","url":"/v1/runs","host":"localhost:80","remoteAddress":"127.0.0.1"},"msg":"incoming request"}
{"level":30,"time":1787897085636,"pid":18904,"hostname":"zqdeMacBook-Air.local","reqId":"req-7","res":{"statusCode":202},"responseTime":0.6997499999999945,"msg":"request completed"}
{"level":30,"time":1787897085637,"pid":18904,"hostname":"zqdeMacBook-Air.local","reqId":"req-8","req":{"method":"GET","url":"/v1/runs/01VRZ3NDEKTSV4RRFFQ69V5FAV?workspace_id=01ARZ3NDEKTSV4RRFFQ69G5FAV","host":"localhost:80","remoteAddress":"127.0.0.1"},"msg":"incoming request"}
{"level":30,"time":1787897085637,"pid":18904,"hostname":"zqdeMacBook-Air.local","reqId":"req-8","res":{"statusCode":200},"responseTime":0.3701249999999163,"msg":"request completed"}
{"level":30,"time":1787897085644,"pid":18904,"hostname":"zqdeMacBook-Air.local","reqId":"req-1","res":{"statusCode":202},"responseTime":1.094791999999984,"msg":"request completed"}
{"level":30,"time":1787897085645,"pid":18904,"hostname":"zqdeMacBook-Air.local","reqId":"req-2","req":{"method":"POST","url":"/v1/reviews/024RZ3NDEKTSV4RRFFQ69Z5FAV/decision","host":"localhost:80","remoteAddress":"127.0.0.1"},"msg":"incoming request"}
{"level":30,"time":1787897085646,"pid":18904,"hostname":"zqdeMacBook-Air.local","reqId":"req-2","res":{"statusCode":409},"responseTime":1.2962089999999762,"msg":"request completed"}
 ✓ tests/integration/api-commands.test.ts (2 tests) 98ms

 Test Files  6 passed (6)
      Tests  10 passed (10)
   Start at  14:04:44
   Duration  941ms (transform 557ms, setup 0ms, collect 1.57s, tests 151ms, environment 1ms, prepare 426ms)


[exit 0] integration tests

## operator reviewer e2e
 WARN  Unsupported engine: wanted: {"node":">=22.13.0 <23.0.0"} (current: {"node":"v25.9.0","pnpm":"10.10.0"})

> nexora@0.1.0 test:e2e /Users/zq/Desktop/ai-projs/posp/Nexora
> playwright test -- operator-reviewer.spec.ts


Running 2 tests using 1 worker

(node:18970) Warning: The 'NO_COLOR' env is ignored due to the 'FORCE_COLOR' env being set.
(Use `node --trace-warnings ...` to show where the warning was created)
  ✓  1 tests/e2e/operator-reviewer.spec.ts:4:3 › C11 Operator and Reviewer workspaces › Operator can deep-link from goal to run and artifact without starting duplicate commands (816ms)
  ✓  2 tests/e2e/operator-reviewer.spec.ts:44:3 › C11 Operator and Reviewer workspaces › Reviewer records reasoned decisions and sees stale approval blocked before deciding (394ms)

  2 passed (2.0s)

[exit 0] operator reviewer e2e

## pnpm audit moderate
No known vulnerabilities found

[exit 0] pnpm audit moderate

## visual summary
{
  "cases": 22,
  "overflow": 0,
  "visibleFailures": [],
  "cjkSummary": {
    "bodyScrollWidth": 390,
    "clientWidth": 390,
    "mainClientWidth": 390,
    "mainScrollWidth": 390,
    "title": "记忆来源、冲突与回滚检查",
    "wideGridClientWidth": null,
    "wideGridScrollWidth": null,
    "hasHorizontalOverflow": false
  }
}

[exit 0] visual summary

## 5173 launchd smoke
gui/501/com.nexora.agent-os-demo = {
	active count = 1
	path = (submitted by launchctl[96491])
	type = Submitted
	state = running

	program = /bin/zsh
	arguments = {
		/bin/zsh
		-lc
		cd /Users/zq/Desktop/ai-projs/posp/Nexora/demo && exec /opt/homebrew/bin/node node_modules/vite/bin/vite.js --host 127.0.0.1 --port 5173
	}

	stdout path = /tmp/nexora-launchd-vite.log
	stderr path = /tmp/nexora-launchd-vite.log
	inherited environment = {
		SSH_AUTH_SOCK => /private/tmp/com.apple.launchd.gPiiFsaKFQ/Listeners
	}

	default environment = {
		PATH => /usr/bin:/bin:/usr/sbin:/sbin
	}

	environment = {
		OSLogRateLimit => 64
		XPC_SERVICE_NAME => com.nexora.agent-os-demo
	}

	domain = gui/501 [100002]
	asid = 100002
	minimum runtime = 10
	exit timeout = 5
	runs = 1
	pid = 96501
	immediate reason = speculative
	forks = 3
	execs = 2
	initialized = 1
	trampolined = 1
	started suspended = 0
	proxy started suspended = 0
	checked allocations = 0 (queried = 1)
	checked allocations reason = no host
	checked allocations flags = 0x0
	last exit code = (never exited)

	resource coalition = {
		ID = 234793
		type = resource
		state = active
		active count = 1
		name = com.nexora.agent-os-demo
	}

	jetsam coalition = {
		ID = 234794
		type = jetsam
		state = active
		active count = 1
		name = com.nexora.agent-os-demo
	}

	spawn type = daemon (3)
	jetsam priority = 40
	jetsam memory limit (active) = (unlimited)
	jetsam memory limit (inactive) = (unlimited)
	jetsamproperties category = daemon
	submitted job. ignore execute allowed
	jetsam thread limit = 32
	cpumon = default

	properties = keepalive | inferred program
}
COMMAND   PID USER   FD   TYPE             DEVICE SIZE/OFF NODE NAME
node    96501   zq   14u  IPv4 0x48ab684c8441f7b0      0t0  TCP 127.0.0.1:5173 (LISTEN)
HTTP/1.1 200 OK
Vary: Origin
Content-Type: text/html
Cache-Control: no-cache
Etag: W/"2bb-yVlemCTDxjpWkBRLiTvB/tGaI+Y"
Date: Fri, 28 Aug 2026 06:04:49 GMT
Connection: keep-alive
Keep-Alive: timeout=5


## 4311 agent preview smoke
COMMAND   PID USER   FD   TYPE             DEVICE SIZE/OFF NODE NAME
node    77720   zq   18u  IPv4 0x204d4737cdfdfd07      0t0  TCP 127.0.0.1:4311 (LISTEN)
HTTP/1.1 200 OK
Vary: Origin
Content-Type: text/html
Cache-Control: no-cache
Etag: W/"197-VOmUQX1sIvzT+AjrEYkAIwX7XAc"
Date: Fri, 28 Aug 2026 06:04:50 GMT
Connection: keep-alive
Keep-Alive: timeout=5
