C10 demo health refreshed at 2026-08-27T19:27:12Z

$ launchctl print gui/$(id -u)/com.nexora.agent-os-demo 2>/dev/null || true
gui/501/com.nexora.agent-os-demo = {
	active count = 1
	path = (submitted by launchctl[96491])
	type = Submitted
	state = running

	program = /bin/zsh
	arguments = {
		/bin/zsh
		-lc
		cd /Users/zq/Desktop/ai-projs/posp/Nexora/demo && exec /opt/homebrew/bin/node node_modules/vite/bin/vite.js --host 127.0.0.1 --port 5173
	}

	stdout path = /tmp/nexora-launchd-vite.log
	stderr path = /tmp/nexora-launchd-vite.log
	inherited environment = {
		SSH_AUTH_SOCK => /private/tmp/com.apple.launchd.gPiiFsaKFQ/Listeners
	}

	default environment = {
		PATH => /usr/bin:/bin:/usr/sbin:/sbin
	}

	environment = {
		OSLogRateLimit => 64
		XPC_SERVICE_NAME => com.nexora.agent-os-demo
	}

	domain = gui/501 [100002]
	asid = 100002
	minimum runtime = 10
	exit timeout = 5
	runs = 1
	pid = 96501
	immediate reason = speculative
	forks = 3
	execs = 2
	initialized = 1
	trampolined = 1
	started suspended = 0
	proxy started suspended = 0
	checked allocations = 0 (queried = 1)
	checked allocations reason = no host
	checked allocations flags = 0x0
	last exit code = (never exited)

	resource coalition = {
		ID = 234793
		type = resource
		state = active
		active count = 1
		name = com.nexora.agent-os-demo
	}

	jetsam coalition = {
		ID = 234794
		type = jetsam
		state = active
		active count = 1
		name = com.nexora.agent-os-demo
	}

	spawn type = daemon (3)
	jetsam priority = 40
	jetsam memory limit (active) = (unlimited)
	jetsam memory limit (inactive) = (unlimited)
	jetsamproperties category = daemon
	submitted job. ignore execute allowed
	jetsam thread limit = 32
	cpumon = default

	properties = keepalive | inferred program
}

$ lsof -nP -iTCP:5173 -sTCP:LISTEN || true
COMMAND   PID USER   FD   TYPE             DEVICE SIZE/OFF NODE NAME
node    96501   zq   14u  IPv4 0x48ab684c8441f7b0      0t0  TCP 127.0.0.1:5173 (LISTEN)

$ curl -fsS -I http://127.0.0.1:5173/ || true
HTTP/1.1 200 OK
Vary: Origin
Content-Type: text/html
Cache-Control: no-cache
Etag: W/"2bb-yVlemCTDxjpWkBRLiTvB/tGaI+Y"
Date: Thu, 27 Aug 2026 19:27:12 GMT
Connection: keep-alive
Keep-Alive: timeout=5
